
  [32m[1mVITE[22m v5.4.21[39m  [2mready in [0m[1m870[22m[2m[0m ms[22m

  [32m➜[39m  [1mLocal[22m:   [36mhttp://127.0.0.1:[1m5180[22m/[39m
[2m11:57:49 am[22m [36m[1m[vite][22m[39m [32mhmr update [39m[2m/src/App.jsx, /src/components/canvas/Canvas.jsx, /src/components/modals/HelpModals.jsx, /src/components/panels/LeftPanel.jsx, /src/components/modals/ExportModal.jsx, /src/components/TopBar.jsx, /src/components/modals/TemplatesModal.jsx, /src/components/inspector/Inspector.jsx, /src/components/canvas/NodeView.jsx, /src/components/panels/AssetsPanel.jsx, /src/components/panels/PagesPanel.jsx, /src/components/panels/ThemePanel.jsx, /src/components/panels/LayersPanel.jsx, /src/components/panels/AddPanel.jsx, /src/components/CodePanel.jsx[22m
[2m11:57:56 am[22m [36m[1m[vite][22m[39m [32mhmr update [39m[2m/src/components/panels/AssetsPanel.jsx[22m
[2m11:57:56 am[22m [36m[1m[vite][22m[39m [32mhmr update [39m[2m/src/components/inspector/Inspector.jsx[22m
[2m12:01:02 pm[22m [36m[1m[vite][22m[39m [32mhmr update [39m[2m/src/components/modals/TemplatesModal.jsx, /src/App.jsx, /src/components/canvas/Canvas.jsx, /src/components/modals/HelpModals.jsx, /src/components/panels/LeftPanel.jsx, /src/components/modals/ExportModal.jsx, /src/components/TopBar.jsx, /src/components/inspector/Inspector.jsx, /src/components/canvas/NodeView.jsx, /src/components/panels/AssetsPanel.jsx, /src/components/panels/PagesPanel.jsx, /src/components/panels/ThemePanel.jsx, /src/components/panels/LayersPanel.jsx, /src/components/panels/AddPanel.jsx, /src/components/CodePanel.jsx[22m
[2m12:01:11 pm[22m [36m[1m[vite][22m[39m [32mhmr update [39m[2m/src/components/modals/TemplatesModal.jsx, /src/App.jsx, /src/components/canvas/Canvas.jsx, /src/components/modals/HelpModals.jsx, /src/components/panels/LeftPanel.jsx, /src/components/modals/ExportModal.jsx, /src/components/TopBar.jsx, /src/components/inspector/Inspector.jsx, /src/components/canvas/NodeView.jsx, /src/components/panels/AssetsPanel.jsx, /src/components/panels/PagesPanel.jsx, /src/components/panels/ThemePanel.jsx, /src/components/panels/LayersPanel.jsx, /src/components/panels/AddPanel.jsx, /src/components/CodePanel.jsx[22m
[2m12:01:11 pm[22m [36m[1m[vite][22m[39m [32mhmr update [39m[2m/src/components/modals/TemplatesModal.jsx, /src/App.jsx, /src/components/canvas/Canvas.jsx, /src/components/modals/HelpModals.jsx, /src/components/panels/LeftPanel.jsx, /src/components/modals/ExportModal.jsx, /src/components/TopBar.jsx, /src/components/inspector/Inspector.jsx, /src/components/canvas/NodeView.jsx, /src/components/panels/AssetsPanel.jsx, /src/components/panels/PagesPanel.jsx, /src/components/panels/ThemePanel.jsx, /src/components/panels/LayersPanel.jsx, /src/components/panels/AddPanel.jsx, /src/components/CodePanel.jsx[22m
[2m1:09:47 pm[22m [36m[1m[vite][22m[39m [32mhmr update [39m[2m/src/App.jsx, /src/components/canvas/Canvas.jsx, /src/components/modals/HelpModals.jsx, /src/components/panels/LeftPanel.jsx, /src/components/modals/ExportModal.jsx, /src/components/TopBar.jsx, /src/components/modals/TemplatesModal.jsx, /src/components/inspector/Inspector.jsx, /src/components/canvas/NodeView.jsx, /src/components/panels/AssetsPanel.jsx, /src/components/panels/PagesPanel.jsx, /src/components/panels/ThemePanel.jsx, /src/components/panels/LayersPanel.jsx, /src/components/panels/AddPanel.jsx, /src/components/CodePanel.jsx[22m
[2m1:09:53 pm[22m [36m[1m[vite][22m[39m [32mhmr update [39m[2m/src/App.jsx, /src/components/canvas/Canvas.jsx, /src/components/modals/HelpModals.jsx, /src/components/panels/LeftPanel.jsx, /src/components/modals/ExportModal.jsx, /src/components/TopBar.jsx, /src/components/modals/TemplatesModal.jsx, /src/components/inspector/Inspector.jsx, /src/components/canvas/NodeView.jsx, /src/components/panels/AssetsPanel.jsx, /src/components/panels/PagesPanel.jsx, /src/components/panels/ThemePanel.jsx, /src/components/panels/LayersPanel.jsx, /src/components/panels/AddPanel.jsx, /src/components/CodePanel.jsx[22m
[2m1:09:59 pm[22m [36m[1m[vite][22m[39m [32mhmr update [39m[2m/src/App.jsx, /src/components/canvas/Canvas.jsx, /src/components/modals/HelpModals.jsx, /src/components/panels/LeftPanel.jsx, /src/components/modals/ExportModal.jsx, /src/components/TopBar.jsx, /src/components/modals/TemplatesModal.jsx, /src/components/inspector/Inspector.jsx, /src/components/canvas/NodeView.jsx, /src/components/panels/AssetsPanel.jsx, /src/components/panels/PagesPanel.jsx, /src/components/panels/ThemePanel.jsx, /src/components/panels/LayersPanel.jsx, /src/components/panels/AddPanel.jsx, /src/components/CodePanel.jsx[22m
[2m1:10:06 pm[22m [36m[1m[vite][22m[39m [32mhmr update [39m[2m/src/App.jsx, /src/components/canvas/Canvas.jsx, /src/components/modals/HelpModals.jsx, /src/components/panels/LeftPanel.jsx, /src/components/modals/ExportModal.jsx, /src/components/TopBar.jsx, /src/components/modals/TemplatesModal.jsx, /src/components/inspector/Inspector.jsx, /src/components/canvas/NodeView.jsx, /src/components/panels/AssetsPanel.jsx, /src/components/panels/PagesPanel.jsx, /src/components/panels/ThemePanel.jsx, /src/components/panels/LayersPanel.jsx, /src/components/panels/AddPanel.jsx, /src/components/CodePanel.jsx[22m
[2m1:10:18 pm[22m [36m[1m[vite][22m[39m [32mhmr update [39m[2m/src/App.jsx, /src/components/canvas/Canvas.jsx, /src/components/modals/HelpModals.jsx, /src/components/panels/LeftPanel.jsx, /src/components/modals/ExportModal.jsx, /src/components/TopBar.jsx, /src/components/modals/TemplatesModal.jsx, /src/components/inspector/Inspector.jsx, /src/components/canvas/NodeView.jsx, /src/components/panels/AssetsPanel.jsx, /src/components/panels/PagesPanel.jsx, /src/components/panels/ThemePanel.jsx, /src/components/panels/LayersPanel.jsx, /src/components/panels/AddPanel.jsx, /src/components/CodePanel.jsx[22m
[2m1:10:36 pm[22m [36m[1m[vite][22m[39m [32mhmr update [39m[2m/src/App.jsx, /src/components/canvas/Canvas.jsx, /src/components/modals/HelpModals.jsx, /src/components/panels/LeftPanel.jsx, /src/components/modals/ExportModal.jsx, /src/components/TopBar.jsx, /src/components/modals/TemplatesModal.jsx, /src/components/inspector/Inspector.jsx, /src/components/canvas/NodeView.jsx, /src/components/panels/AssetsPanel.jsx, /src/components/panels/PagesPanel.jsx, /src/components/panels/ThemePanel.jsx, /src/components/panels/LayersPanel.jsx, /src/components/panels/AddPanel.jsx, /src/components/CodePanel.jsx[22m
[2m1:10:48 pm[22m [36m[1m[vite][22m[39m [32mhmr update [39m[2m/src/components/canvas/NodeView.jsx, /src/App.jsx, /src/components/canvas/Canvas.jsx, /src/components/modals/HelpModals.jsx, /src/components/panels/LeftPanel.jsx, /src/components/modals/ExportModal.jsx, /src/components/TopBar.jsx, /src/components/modals/TemplatesModal.jsx, /src/components/inspector/Inspector.jsx, /src/components/panels/AssetsPanel.jsx, /src/components/panels/PagesPanel.jsx, /src/components/panels/ThemePanel.jsx, /src/components/panels/LayersPanel.jsx, /src/components/panels/AddPanel.jsx, /src/components/CodePanel.jsx, /src/components/ui/controls.jsx, /src/components/inspector/StyleSections.jsx[22m
[2m1:10:59 pm[22m [36m[1m[vite][22m[39m [32mhmr update [39m[2m/src/App.jsx, /src/components/canvas/Canvas.jsx, /src/components/modals/HelpModals.jsx, /src/components/panels/LeftPanel.jsx, /src/components/modals/ExportModal.jsx, /src/components/TopBar.jsx, /src/components/modals/TemplatesModal.jsx, /src/components/inspector/Inspector.jsx, /src/components/canvas/NodeView.jsx, /src/components/panels/AssetsPanel.jsx, /src/components/panels/PagesPanel.jsx, /src/components/panels/ThemePanel.jsx, /src/components/panels/LayersPanel.jsx, /src/components/panels/AddPanel.jsx, /src/components/CodePanel.jsx[22m
[2m1:11:14 pm[22m [36m[1m[vite][22m[39m [32mhmr update [39m[2m/src/App.jsx, /src/components/canvas/Canvas.jsx, /src/components/modals/HelpModals.jsx, /src/components/panels/LeftPanel.jsx, /src/components/modals/ExportModal.jsx, /src/components/TopBar.jsx, /src/components/modals/TemplatesModal.jsx, /src/components/inspector/Inspector.jsx, /src/components/canvas/NodeView.jsx, /src/components/panels/AssetsPanel.jsx, /src/components/panels/PagesPanel.jsx, /src/components/panels/ThemePanel.jsx, /src/components/panels/LayersPanel.jsx, /src/components/panels/AddPanel.jsx, /src/components/CodePanel.jsx[22m
[2m1:19:15 pm[22m [36m[1m[vite][22m[39m [32mhmr update [39m[2m/src/components/ui/Icon.jsx[22m
[2m1:19:15 pm[22m [36m[1m[vite][22m[39m [33mhmr invalidate [39m[2m/src/components/ui/Icon.jsx[22m Could not Fast Refresh ("hasIcon" export is incompatible). Learn more at https://github.com/vitejs/vite-plugin-react/tree/main/packages/plugin-react#consistent-components-exports
[2m1:19:15 pm[22m [36m[1m[vite][22m[39m [32mhmr update [39m[2m/src/App.jsx, /src/components/canvas/Canvas.jsx, /src/components/modals/HelpModals.jsx, /src/components/panels/LeftPanel.jsx, /src/components/modals/ExportModal.jsx, /src/components/TopBar.jsx, /src/components/modals/TemplatesModal.jsx, /src/components/ui/controls.jsx, /src/components/inspector/Inspector.jsx, /src/components/panels/AssetsPanel.jsx, /src/components/panels/PagesPanel.jsx, /src/components/panels/ThemePanel.jsx, /src/components/panels/LayersPanel.jsx, /src/components/panels/AddPanel.jsx, /src/components/inspector/StyleSections.jsx, /src/components/CodePanel.jsx[22m
[2m1:21:38 pm[22m [36m[1m[vite][22m[39m [32mhmr update [39m[2m/src/components/canvas/Canvas.jsx[22m
[2m1:21:54 pm[22m [36m[1m[vite][22m[39m [32mhmr update [39m[2m/src/components/canvas/Canvas.jsx[22m
[2m1:22:00 pm[22m [36m[1m[vite][22m[39m [32mhmr update [39m[2m/src/components/canvas/Canvas.jsx[22m
[2m1:22:18 pm[22m [36m[1m[vite][22m[39m [32mhmr update [39m[2m/src/components/canvas/NodeView.jsx[22m
[2m1:31:49 pm[22m [36m[1m[vite][22m[39m [32mhmr update [39m[2m/src/components/canvas/Canvas.jsx[22m
[2m1:32:20 pm[22m [36m[1m[vite][22m[39m [32mhmr update [39m[2m/src/styles/app.css[22m
[2m1:33:34 pm[22m [36m[1m[vite][22m[39m [32mhmr update [39m[2m/src/App.jsx[22m
[2m1:41:08 pm[22m [36m[1m[vite][22m[39m [32mhmr update [39m[2m/src/components/canvas/Canvas.jsx[22m
[2m1:42:18 pm[22m [36m[1m[vite][22m[39m [32mhmr update [39m[2m/src/components/inspector/StyleSections.jsx[22m
[2m5:25:47 pm[22m [36m[1m[vite][22m[39m [32mhmr update [39m[2m/src/components/inspector/StyleSections.jsx[22m
[2m5:26:06 pm[22m [36m[1m[vite][22m[39m [32mhmr update [39m[2m/src/components/inspector/Inspector.jsx[22m
[2m5:27:19 pm[22m [36m[1m[vite][22m[39m [32mhmr update [39m[2m/src/components/canvas/Canvas.jsx[22m
[2m5:28:46 pm[22m [36m[1m[vite][22m[39m [32mhmr update [39m[2m/src/components/inspector/StyleSections.jsx[22m
[2m5:30:21 pm[22m [36m[1m[vite][22m[39m [32mhmr update [39m[2m/src/App.jsx, /src/components/canvas/Canvas.jsx, /src/components/modals/HelpModals.jsx, /src/components/panels/LeftPanel.jsx, /src/components/modals/ExportModal.jsx, /src/components/TopBar.jsx, /src/components/modals/TemplatesModal.jsx, /src/components/inspector/Inspector.jsx, /src/components/canvas/NodeView.jsx, /src/components/panels/AssetsPanel.jsx, /src/components/panels/PagesPanel.jsx, /src/components/panels/ThemePanel.jsx, /src/components/panels/LayersPanel.jsx, /src/components/panels/AddPanel.jsx, /src/components/CodePanel.jsx, /src/components/canvas/Overlay.jsx[22m
[2m5:30:21 pm[22m [36m[1m[vite][22m[39m [32mhmr update [39m[2m/src/App.jsx[22m
[2m5:30:44 pm[22m [36m[1m[vite][22m[39m [32mhmr update [39m[2m/src/components/canvas/Canvas.jsx[22m
[2m5:31:40 pm[22m [36m[1m[vite][22m[39m [32mhmr update [39m[2m/src/App.jsx, /src/components/canvas/Canvas.jsx, /src/components/modals/HelpModals.jsx, /src/components/panels/LeftPanel.jsx, /src/components/modals/ExportModal.jsx, /src/components/TopBar.jsx, /src/components/modals/TemplatesModal.jsx, /src/components/inspector/Inspector.jsx, /src/components/canvas/NodeView.jsx, /src/components/panels/AssetsPanel.jsx, /src/components/panels/PagesPanel.jsx, /src/components/panels/ThemePanel.jsx, /src/components/panels/LayersPanel.jsx, /src/components/panels/AddPanel.jsx, /src/components/CodePanel.jsx, /src/components/canvas/Overlay.jsx[22m
[2m5:31:40 pm[22m [36m[1m[vite][22m[39m [32mhmr update [39m[2m/src/components/canvas/Canvas.jsx[22m
[2m5:32:16 pm[22m [36m[1m[vite][22m[39m [32mhmr update [39m[2m/src/components/modals/HelpModals.jsx[22m
[2m5:33:40 pm[22m [36m[1m[vite][22m[39m [32mhmr update [39m[2m/src/components/canvas/NodeView.jsx[22m
[2m5:33:40 pm[22m [36m[1m[vite][22m[39m [32mhmr update [39m[2m/src/components/canvas/Overlay.jsx[22m
[2m5:34:18 pm[22m [36m[1m[vite][22m[39m [32mhmr update [39m[2m/src/components/canvas/Overlay.jsx[22m
[2m5:36:32 pm[22m [36m[1m[vite][22m[39m [32mhmr update [39m[2m/src/App.jsx, /src/components/canvas/Canvas.jsx, /src/components/modals/HelpModals.jsx, /src/components/panels/LeftPanel.jsx, /src/components/modals/ExportModal.jsx, /src/components/TopBar.jsx, /src/components/modals/TemplatesModal.jsx, /src/components/inspector/Inspector.jsx, /src/components/canvas/NodeView.jsx, /src/components/panels/AssetsPanel.jsx, /src/components/panels/PagesPanel.jsx, /src/components/panels/ThemePanel.jsx, /src/components/panels/LayersPanel.jsx, /src/components/panels/AddPanel.jsx, /src/components/CodePanel.jsx, /src/components/canvas/Overlay.jsx[22m
[2m5:38:25 pm[22m [36m[1m[vite][22m[39m [32mhmr update [39m[2m/src/components/panels/LayersPanel.jsx[22m
[2m5:39:30 pm[22m [36m[1m[vite][22m[39m [32mhmr update [39m[2m/src/components/canvas/Canvas.jsx[22m
[2m5:39:30 pm[22m [36m[1m[vite][22m[39m [32mhmr update [39m[2m/src/components/canvas/Canvas.jsx, /src/components/canvas/Overlay.jsx[22m
[2m5:40:31 pm[22m [36m[1m[vite][22m[39m [32mhmr update [39m[2m/src/components/canvas/Overlay.jsx[22m
[2m5:41:10 pm[22m [36m[1m[vite][22m[39m [32mhmr update [39m[2m/src/components/modals/HelpModals.jsx[22m
